  CREATE_STREAM @0 {NAME:wr_seq T:Transactions SCOPE:uvm_test_top.env.active_agt.write_sqr STREAM:798}
  CREATE_STREAM @0 {NAME:rd_seq T:Transactions SCOPE:uvm_test_top.env.active_agt.read_sqr STREAM:801}
  CREATE_STREAM @0 {NAME:wr_seq T:Transactions SCOPE:uvm_test_top.env.active_agt.write_sqr STREAM:798}
  CREATE_STREAM @0 {NAME:rd_seq T:Transactions SCOPE:uvm_test_top.env.active_agt.read_sqr STREAM:801}
  CREATE_STREAM @0 {NAME:wr_seq T:Transactions SCOPE:uvm_test_top.env.active_agt.write_sqr STREAM:738}
  CREATE_STREAM @0 {NAME:rd_seq T:Transactions SCOPE:uvm_test_top.env.active_agt.read_sqr STREAM:741}
  CREATE_STREAM @0 {NAME:wr_seq T:Transactions SCOPE:uvm_test_top.env.active_agt.write_sqr STREAM:738}
  CREATE_STREAM @0 {NAME:rd_seq T:Transactions SCOPE:uvm_test_top.env.active_agt.read_sqr STREAM:741}
  CREATE_STREAM @0 {NAME:wr_seq T:Transactions SCOPE:uvm_test_top.env.active_agt.write_sqr STREAM:738}
  CREATE_STREAM @0 {NAME:rd_seq T:Transactions SCOPE:uvm_test_top.env.active_agt.read_sqr STREAM:741}
  CREATE_STREAM @0 {NAME:wr_seq T:Transactions SCOPE:uvm_test_top.env.active_agt.write_sqr STREAM:738}
  CREATE_STREAM @0 {NAME:rd_seq T:Transactions SCOPE:uvm_test_top.env.active_agt.read_sqr STREAM:741}
  CREATE_STREAM @0 {NAME:wr_seq T:Transactions SCOPE:uvm_test_top.env.active_agt.write_sqr STREAM:738}
  CREATE_STREAM @0 {NAME:rd_seq T:Transactions SCOPE:uvm_test_top.env.active_agt.read_sqr STREAM:741}
  CREATE_STREAM @0 {NAME:wr_seq T:Transactions SCOPE:uvm_test_top.env.active_agt.write_sqr STREAM:738}
  CREATE_STREAM @0 {NAME:rd_seq T:Transactions SCOPE:uvm_test_top.env.active_agt.read_sqr STREAM:741}
  CREATE_STREAM @0 {NAME:wr_seq T:Transactions SCOPE:uvm_test_top.env.active_agt.write_sqr STREAM:738}
  CREATE_STREAM @0 {NAME:rd_seq T:Transactions SCOPE:uvm_test_top.env.active_agt.read_sqr STREAM:741}
  CREATE_STREAM @0 {NAME:wr_seq T:Transactions SCOPE:uvm_test_top.env.active_agt.write_sqr STREAM:768}
  CREATE_STREAM @0 {NAME:rd_seq T:Transactions SCOPE:uvm_test_top.env.active_agt.read_sqr STREAM:771}
  CREATE_STREAM @0 {NAME:wr_seq T:Transactions SCOPE:uvm_test_top.env.active_agt.write_sqr STREAM:772}
  CREATE_STREAM @0 {NAME:rd_seq T:Transactions SCOPE:uvm_test_top.env.active_agt.read_sqr STREAM:775}
  CREATE_STREAM @0 {NAME:wr_seq T:Transactions SCOPE:uvm_test_top.env.active_agt.write_sqr STREAM:802}
  CREATE_STREAM @0 {NAME:rd_seq T:Transactions SCOPE:uvm_test_top.env.active_agt.read_sqr STREAM:805}
  CREATE_STREAM @0 {NAME:wr_seq T:Transactions SCOPE:uvm_test_top.env.active_agt.write_sqr STREAM:798}
  CREATE_STREAM @445000 {NAME:rd_seq T:Transactions SCOPE:uvm_test_top.env.active_agt.read_sqr STREAM:1005}
  CREATE_STREAM @0 {NAME:wr_seq T:Transactions SCOPE:uvm_test_top.env.active_agt.write_sqr STREAM:798}
  CREATE_STREAM @0 {NAME:wr_seq T:Transactions SCOPE:uvm_test_top.env.active_agt.write_sqr STREAM:798}
  CREATE_STREAM @445000 {NAME:rd_seq T:Transactions SCOPE:uvm_test_top.env.active_agt.read_sqr STREAM:1001}
  CREATE_STREAM @0 {NAME:wr_seq T:Transactions SCOPE:uvm_test_top.env.active_agt.write_sqr STREAM:798}
  CREATE_STREAM @0 {NAME:rd_seq T:Transactions SCOPE:uvm_test_top.env.active_agt.read_sqr STREAM:801}
  CREATE_STREAM @0 {NAME:wr_seq T:Transactions SCOPE:uvm_test_top.env.active_agt.write_sqr STREAM:798}
  CREATE_STREAM @0 {NAME:rd_seq T:Transactions SCOPE:uvm_test_top.env.active_agt.read_sqr STREAM:801}
  CREATE_STREAM @0 {NAME:wr_seq T:Transactions SCOPE:uvm_test_top.env.active_agt.write_sqr STREAM:798}
  CREATE_STREAM @0 {NAME:rd_seq T:Transactions SCOPE:uvm_test_top.env.active_agt.read_sqr STREAM:801}
  CREATE_STREAM @0 {NAME:wr_seq T:Transactions SCOPE:uvm_test_top.env.active_agt.write_sqr STREAM:738}
  CREATE_STREAM @0 {NAME:rd_seq T:Transactions SCOPE:uvm_test_top.env.active_agt.read_sqr STREAM:741}
  CREATE_STREAM @0 {NAME:wr_seq T:Transactions SCOPE:uvm_test_top.env.active_agt.write_sqr STREAM:738}
  CREATE_STREAM @0 {NAME:rd_seq T:Transactions SCOPE:uvm_test_top.env.active_agt.read_sqr STREAM:741}
  CREATE_STREAM @0 {NAME:wr_seq T:Transactions SCOPE:uvm_test_top.env.active_agt.write_sqr STREAM:738}
  CREATE_STREAM @0 {NAME:rd_seq T:Transactions SCOPE:uvm_test_top.env.active_agt.read_sqr STREAM:741}
  CREATE_STREAM @0 {NAME:wr_seq T:Transactions SCOPE:uvm_test_top.env.active_agt.write_sqr STREAM:738}
  CREATE_STREAM @0 {NAME:rd_seq T:Transactions SCOPE:uvm_test_top.env.active_agt.read_sqr STREAM:741}
  CREATE_STREAM @0 {NAME:wr_seq T:Transactions SCOPE:uvm_test_top.env.active_agt.write_sqr STREAM:738}
  CREATE_STREAM @0 {NAME:rd_seq T:Transactions SCOPE:uvm_test_top.env.active_agt.read_sqr STREAM:741}
  CREATE_STREAM @0 {NAME:wr_seq T:Transactions SCOPE:uvm_test_top.env.active_agt.write_sqr STREAM:738}
  CREATE_STREAM @0 {NAME:rd_seq T:Transactions SCOPE:uvm_test_top.env.active_agt.read_sqr STREAM:741}
  CREATE_STREAM @0 {NAME:wr_seq T:Transactions SCOPE:uvm_test_top.env.active_agt.write_sqr STREAM:738}
  CREATE_STREAM @0 {NAME:rd_seq T:Transactions SCOPE:uvm_test_top.env.active_agt.read_sqr STREAM:741}
  CREATE_STREAM @0 {NAME:wr_seq T:Transactions SCOPE:uvm_test_top.env.active_agt.write_sqr STREAM:738}
  CREATE_STREAM @0 {NAME:rd_seq T:Transactions SCOPE:uvm_test_top.env.active_agt.read_sqr STREAM:741}
  CREATE_STREAM @0 {NAME:wr_seq T:Transactions SCOPE:uvm_test_top.env.active_agt.write_sqr STREAM:768}
  CREATE_STREAM @0 {NAME:rd_seq T:Transactions SCOPE:uvm_test_top.env.active_agt.read_sqr STREAM:771}
  CREATE_STREAM @0 {NAME:wr_seq T:Transactions SCOPE:uvm_test_top.env.active_agt.write_sqr STREAM:768}
  CREATE_STREAM @0 {NAME:rd_seq T:Transactions SCOPE:uvm_test_top.env.active_agt.read_sqr STREAM:771}
  CREATE_STREAM @0 {NAME:wr_seq T:Transactions SCOPE:uvm_test_top.env.active_agt.write_sqr STREAM:768}
  CREATE_STREAM @0 {NAME:rd_seq T:Transactions SCOPE:uvm_test_top.env.active_agt.read_sqr STREAM:771}
  CREATE_STREAM @0 {NAME:wr_seq T:Transactions SCOPE:uvm_test_top.env.active_agt.write_sqr STREAM:768}
  CREATE_STREAM @0 {NAME:rd_seq T:Transactions SCOPE:uvm_test_top.env.active_agt.read_sqr STREAM:771}
  CREATE_STREAM @0 {NAME:wr_seq T:Transactions SCOPE:uvm_test_top.env.active_agt.write_sqr STREAM:799}
  CREATE_STREAM @0 {NAME:rd_seq T:Transactions SCOPE:uvm_test_top.env.active_agt.read_sqr STREAM:802}
  CREATE_STREAM @0 {NAME:wr_seq T:Transactions SCOPE:uvm_test_top.env.active_agt.write_sqr STREAM:799}
  CREATE_STREAM @0 {NAME:rd_seq T:Transactions SCOPE:uvm_test_top.env.active_agt.read_sqr STREAM:802}
  CREATE_STREAM @0 {NAME:wr_seq T:Transactions SCOPE:uvm_test_top.env.active_agt.write_sqr STREAM:799}
  CREATE_STREAM @0 {NAME:rd_seq T:Transactions SCOPE:uvm_test_top.env.active_agt.read_sqr STREAM:802}
  CREATE_STREAM @0 {NAME:wr_seq T:Transactions SCOPE:uvm_test_top.env.active_agt.write_sqr STREAM:799}
  CREATE_STREAM @0 {NAME:rd_seq T:Transactions SCOPE:uvm_test_top.env.active_agt.read_sqr STREAM:802}
  CREATE_STREAM @0 {NAME:wr_seq T:Transactions SCOPE:uvm_test_top.env.active_agt.write_sqr STREAM:799}
  CREATE_STREAM @0 {NAME:rd_seq T:Transactions SCOPE:uvm_test_top.env.active_agt.read_sqr STREAM:802}
  CREATE_STREAM @0 {NAME:wr_seq T:Transactions SCOPE:uvm_test_top.env.active_agt.write_sqr STREAM:799}
  CREATE_STREAM @0 {NAME:rd_seq T:Transactions SCOPE:uvm_test_top.env.active_agt.read_sqr STREAM:802}
  CREATE_STREAM @0 {NAME:wr_seq T:Transactions SCOPE:uvm_test_top.env.active_agt.write_sqr STREAM:799}
  CREATE_STREAM @0 {NAME:rd_seq T:Transactions SCOPE:uvm_test_top.env.active_agt.read_sqr STREAM:802}
  CREATE_STREAM @0 {NAME:wr_seq T:Transactions SCOPE:uvm_test_top.env.active_agt.write_sqr STREAM:799}
  CREATE_STREAM @0 {NAME:rd_seq T:Transactions SCOPE:uvm_test_top.env.active_agt.read_sqr STREAM:802}
  CREATE_STREAM @0 {NAME:wr_seq T:Transactions SCOPE:uvm_test_top.env.active_agt.write_sqr STREAM:799}
  CREATE_STREAM @0 {NAME:rd_seq T:Transactions SCOPE:uvm_test_top.env.active_agt.read_sqr STREAM:802}
  CREATE_STREAM @0 {NAME:wr_seq T:Transactions SCOPE:uvm_test_top.env.active_agt.write_sqr STREAM:799}
  CREATE_STREAM @0 {NAME:rd_seq T:Transactions SCOPE:uvm_test_top.env.active_agt.read_sqr STREAM:802}
  CREATE_STREAM @0 {NAME:wr_seq T:Transactions SCOPE:uvm_test_top.env.active_agt.write_sqr STREAM:799}
  CREATE_STREAM @0 {NAME:rd_seq T:Transactions SCOPE:uvm_test_top.env.active_agt.read_sqr STREAM:802}
  CREATE_STREAM @0 {NAME:wr_seq T:Transactions SCOPE:uvm_test_top.env.active_agt.write_sqr STREAM:799}
  CREATE_STREAM @0 {NAME:rd_seq T:Transactions SCOPE:uvm_test_top.env.active_agt.read_sqr STREAM:802}
  CREATE_STREAM @0 {NAME:wr_seq T:Transactions SCOPE:uvm_test_top.env.active_agt.write_sqr STREAM:799}
  CREATE_STREAM @0 {NAME:rd_seq T:Transactions SCOPE:uvm_test_top.env.active_agt.read_sqr STREAM:802}
  CREATE_STREAM @0 {NAME:wr_seq T:Transactions SCOPE:uvm_test_top.env.active_agt.write_sqr STREAM:799}
  CREATE_STREAM @545000 {NAME:rd_seq T:Transactions SCOPE:uvm_test_top.env.active_agt.read_sqr STREAM:1062}
  CREATE_STREAM @0 {NAME:wr_seq T:Transactions SCOPE:uvm_test_top.env.active_agt.write_sqr STREAM:799}
  CREATE_STREAM @0 {NAME:rd_seq T:Transactions SCOPE:uvm_test_top.env.active_agt.read_sqr STREAM:802}
  CREATE_STREAM @0 {NAME:wr_seq T:Transactions SCOPE:uvm_test_top.env.active_agt.write_sqr STREAM:799}
  CREATE_STREAM @545000 {NAME:rd_seq T:Transactions SCOPE:uvm_test_top.env.active_agt.read_sqr STREAM:1062}
  CREATE_STREAM @0 {NAME:wr_seq T:Transactions SCOPE:uvm_test_top.env.active_agt.write_sqr STREAM:799}
  CREATE_STREAM @545000 {NAME:rd_seq T:Transactions SCOPE:uvm_test_top.env.active_agt.read_sqr STREAM:1062}
  CREATE_STREAM @0 {NAME:wr_seq T:Transactions SCOPE:uvm_test_top.env.active_agt.write_sqr STREAM:799}
  CREATE_STREAM @1545000 {NAME:rd_seq T:Transactions SCOPE:uvm_test_top.env.active_agt.read_sqr STREAM:1502}
  CREATE_STREAM @0 {NAME:wr_seq T:Transactions SCOPE:uvm_test_top.env.active_agt.write_sqr STREAM:799}
  CREATE_STREAM @0 {NAME:rd_seq T:Transactions SCOPE:uvm_test_top.env.active_agt.read_sqr STREAM:802}
  CREATE_STREAM @0 {NAME:wr_seq T:Transactions SCOPE:uvm_test_top.env.active_agt.write_sqr STREAM:799}
  CREATE_STREAM @295000 {NAME:rd_seq T:Transactions SCOPE:uvm_test_top.env.active_agt.read_sqr STREAM:952}
  CREATE_STREAM @0 {NAME:wr_seq T:Transactions SCOPE:uvm_test_top.env.active_agt.write_sqr STREAM:799}
  CREATE_STREAM @295000 {NAME:rd_seq T:Transactions SCOPE:uvm_test_top.env.active_agt.read_sqr STREAM:886}
  CREATE_STREAM @0 {NAME:wr_seq T:Transactions SCOPE:uvm_test_top.env.active_agt.write_sqr STREAM:799}
  CREATE_STREAM @295000 {NAME:rd_seq T:Transactions SCOPE:uvm_test_top.env.active_agt.read_sqr STREAM:928}
  CREATE_STREAM @0 {NAME:wr_seq T:Transactions SCOPE:uvm_test_top.env.active_agt.write_sqr STREAM:799}
  CREATE_STREAM @295000 {NAME:rd_seq T:Transactions SCOPE:uvm_test_top.env.active_agt.read_sqr STREAM:900}
  CREATE_STREAM @0 {NAME:wr_seq T:Transactions SCOPE:uvm_test_top.env.active_agt.write_sqr STREAM:799}
  CREATE_STREAM @545000 {NAME:rd_seq T:Transactions SCOPE:uvm_test_top.env.active_agt.read_sqr STREAM:950}
  CREATE_STREAM @0 {NAME:wr_seq T:Transactions SCOPE:uvm_test_top.env.active_agt.write_sqr STREAM:799}
  CREATE_STREAM @545000 {NAME:rd_seq T:Transactions SCOPE:uvm_test_top.env.active_agt.read_sqr STREAM:1052}
  CREATE_STREAM @0 {NAME:wr_seq T:Transactions SCOPE:uvm_test_top.env.active_agt.write_sqr STREAM:799}
  CREATE_STREAM @455000 {NAME:rd_seq T:Transactions SCOPE:uvm_test_top.env.active_agt.read_sqr STREAM:1224}
  CREATE_STREAM @0 {NAME:wr_seq T:Transactions SCOPE:uvm_test_top.env.active_agt.write_sqr STREAM:799}
  CREATE_STREAM @455000 {NAME:rd_seq T:Transactions SCOPE:uvm_test_top.env.active_agt.read_sqr STREAM:1224}
  CREATE_STREAM @0 {NAME:wr_seq T:Transactions SCOPE:uvm_test_top.env.active_agt.write_sqr STREAM:799}
  CREATE_STREAM @545000 {NAME:rd_seq T:Transactions SCOPE:uvm_test_top.env.active_agt.read_sqr STREAM:1052}
  CREATE_STREAM @0 {NAME:wr_seq T:Transactions SCOPE:uvm_test_top.env.active_agt.write_sqr STREAM:799}
  CREATE_STREAM @545000 {NAME:rd_seq T:Transactions SCOPE:uvm_test_top.env.active_agt.read_sqr STREAM:1052}
  CREATE_STREAM @0 {NAME:wr_seq T:Transactions SCOPE:uvm_test_top.env.active_agt.write_sqr STREAM:799}
  CREATE_STREAM @545000 {NAME:rd_seq T:Transactions SCOPE:uvm_test_top.env.active_agt.read_sqr STREAM:1052}
  CREATE_STREAM @0 {NAME:wr_seq T:Transactions SCOPE:uvm_test_top.env.active_agt.write_sqr STREAM:799}
  CREATE_STREAM @545000 {NAME:rd_seq T:Transactions SCOPE:uvm_test_top.env.active_agt.read_sqr STREAM:1052}
  CREATE_STREAM @0 {NAME:wr_seq T:Transactions SCOPE:uvm_test_top.env.active_agt.write_sqr STREAM:799}
  CREATE_STREAM @545000 {NAME:rd_seq T:Transactions SCOPE:uvm_test_top.env.active_agt.read_sqr STREAM:1052}
  CREATE_STREAM @0 {NAME:wr_seq T:Transactions SCOPE:uvm_test_top.env.active_agt.write_sqr STREAM:799}
  CREATE_STREAM @545000 {NAME:rd_seq T:Transactions SCOPE:uvm_test_top.env.active_agt.read_sqr STREAM:1052}
  CREATE_STREAM @0 {NAME:wr_seq T:Transactions SCOPE:uvm_test_top.env.active_agt.write_sqr STREAM:799}
  CREATE_STREAM @545000 {NAME:rd_seq T:Transactions SCOPE:uvm_test_top.env.active_agt.read_sqr STREAM:1052}
  CREATE_STREAM @0 {NAME:wr_seq T:Transactions SCOPE:uvm_test_top.env.active_agt.write_sqr STREAM:1044}
  CREATE_STREAM @545000 {NAME:rd_seq T:Transactions SCOPE:uvm_test_top.env.active_agt.read_sqr STREAM:1307}
  CREATE_STREAM @0 {NAME:wr_seq T:Transactions SCOPE:uvm_test_top.env.active_agt.write_sqr STREAM:1044}
  CREATE_STREAM @545000 {NAME:rd_seq T:Transactions SCOPE:uvm_test_top.env.active_agt.read_sqr STREAM:1299}
  CREATE_STREAM @0 {NAME:wr_seq T:Transactions SCOPE:uvm_test_top.env.active_agt.write_sqr STREAM:1044}
  CREATE_STREAM @545000 {NAME:rd_seq T:Transactions SCOPE:uvm_test_top.env.active_agt.read_sqr STREAM:1307}
  CREATE_STREAM @0 {NAME:wr_seq T:Transactions SCOPE:uvm_test_top.env.active_agt.write_sqr STREAM:1044}
  CREATE_STREAM @545000 {NAME:rd_seq T:Transactions SCOPE:uvm_test_top.env.active_agt.read_sqr STREAM:1197}
  CREATE_STREAM @0 {NAME:wr_seq T:Transactions SCOPE:uvm_test_top.env.active_agt.write_sqr STREAM:1044}
  CREATE_STREAM @545000 {NAME:rd_seq T:Transactions SCOPE:uvm_test_top.env.active_agt.read_sqr STREAM:1197}
  CREATE_STREAM @0 {NAME:wr_seq T:Transactions SCOPE:uvm_test_top.env.active_agt.write_sqr STREAM:1044}
  CREATE_STREAM @545000 {NAME:rd_seq T:Transactions SCOPE:uvm_test_top.env.active_agt.read_sqr STREAM:1327}
  CREATE_STREAM @0 {NAME:wr_seq T:Transactions SCOPE:uvm_test_top.env.active_agt.write_sqr STREAM:1044}
  CREATE_STREAM @545000 {NAME:rd_seq T:Transactions SCOPE:uvm_test_top.env.active_agt.read_sqr STREAM:1267}
  CREATE_STREAM @0 {NAME:wr_seq T:Transactions SCOPE:uvm_test_top.env.active_agt.write_sqr STREAM:1044}
  CREATE_STREAM @5045000 {NAME:rd_seq T:Transactions SCOPE:uvm_test_top.env.active_agt.read_sqr STREAM:2887}
  CREATE_STREAM @0 {NAME:wr_seq T:Transactions SCOPE:uvm_test_top.env.active_agt.write_sqr STREAM:1044}
  CREATE_STREAM @5045000 {NAME:rd_seq T:Transactions SCOPE:uvm_test_top.env.active_agt.read_sqr STREAM:2887}
  CREATE_STREAM @0 {NAME:wr_seq T:Transactions SCOPE:uvm_test_top.env.active_agt.write_sqr STREAM:1044}
  CREATE_STREAM @5045000 {NAME:rd_seq T:Transactions SCOPE:uvm_test_top.env.active_agt.read_sqr STREAM:2887}
  CREATE_STREAM @0 {NAME:wr_seq T:Transactions SCOPE:uvm_test_top.env.active_agt.write_sqr STREAM:1044}
  CREATE_STREAM @4045000 {NAME:rd_seq T:Transactions SCOPE:uvm_test_top.env.active_agt.read_sqr STREAM:2887}
  CREATE_STREAM @0 {NAME:wr_seq T:Transactions SCOPE:uvm_test_top.env.active_agt.write_sqr STREAM:1044}
  CREATE_STREAM @5045000 {NAME:rd_seq T:Transactions SCOPE:uvm_test_top.env.active_agt.read_sqr STREAM:2887}
  CREATE_STREAM @0 {NAME:wr_seq T:Transactions SCOPE:uvm_test_top.env.active_agt.write_sqr STREAM:1044}
  CREATE_STREAM @5045000 {NAME:rd_seq T:Transactions SCOPE:uvm_test_top.env.active_agt.read_sqr STREAM:2887}
  CREATE_STREAM @0 {NAME:wr_seq T:Transactions SCOPE:uvm_test_top.env.active_agt.write_sqr STREAM:1044}
  CREATE_STREAM @5045000 {NAME:rd_seq T:Transactions SCOPE:uvm_test_top.env.active_agt.read_sqr STREAM:2887}
  CREATE_STREAM @0 {NAME:wr_seq T:Transactions SCOPE:uvm_test_top.env.active_agt.write_sqr STREAM:1044}
  CREATE_STREAM @5045000 {NAME:rd_seq T:Transactions SCOPE:uvm_test_top.env.active_agt.read_sqr STREAM:2887}
  CREATE_STREAM @0 {NAME:wr_seq T:Transactions SCOPE:uvm_test_top.env.active_agt.write_sqr STREAM:1044}
  CREATE_STREAM @5045000 {NAME:rd_seq T:Transactions SCOPE:uvm_test_top.env.active_agt.read_sqr STREAM:2887}
  CREATE_STREAM @0 {NAME:wr_seq T:Transactions SCOPE:uvm_test_top.env.active_agt.write_sqr STREAM:1044}
  CREATE_STREAM @5045000 {NAME:rd_seq T:Transactions SCOPE:uvm_test_top.env.active_agt.read_sqr STREAM:2887}
  CREATE_STREAM @0 {NAME:wr_seq T:Transactions SCOPE:uvm_test_top.env.active_agt.write_sqr STREAM:1044}
  CREATE_STREAM @545000 {NAME:rd_seq T:Transactions SCOPE:uvm_test_top.env.active_agt.read_sqr STREAM:1267}
  CREATE_STREAM @0 {NAME:wr_seq T:Transactions SCOPE:uvm_test_top.env.active_agt.write_sqr STREAM:1044}
  CREATE_STREAM @545000 {NAME:rd_seq T:Transactions SCOPE:uvm_test_top.env.active_agt.read_sqr STREAM:1267}
  CREATE_STREAM @0 {NAME:wr_seq T:Transactions SCOPE:uvm_test_top.env.active_agt.write_sqr STREAM:1044}
  CREATE_STREAM @545000 {NAME:rd_seq T:Transactions SCOPE:uvm_test_top.env.active_agt.read_sqr STREAM:1267}
  CREATE_STREAM @0 {NAME:wr_seq T:Transactions SCOPE:uvm_test_top.env.active_agt.write_sqr STREAM:1044}
  CREATE_STREAM @545000 {NAME:rd_seq T:Transactions SCOPE:uvm_test_top.env.active_agt.read_sqr STREAM:1267}
  CREATE_STREAM @0 {NAME:wr_seq T:Transactions SCOPE:uvm_test_top.env.active_agt.write_sqr STREAM:1044}
  CREATE_STREAM @545000 {NAME:rd_seq T:Transactions SCOPE:uvm_test_top.env.active_agt.read_sqr STREAM:1267}
  CREATE_STREAM @0 {NAME:wr_seq T:Transactions SCOPE:uvm_test_top.env.active_agt.write_sqr STREAM:1044}
  CREATE_STREAM @545000 {NAME:rd_seq T:Transactions SCOPE:uvm_test_top.env.active_agt.read_sqr STREAM:1267}
  CREATE_STREAM @0 {NAME:wr_seq T:Transactions SCOPE:uvm_test_top.env.active_agt.write_sqr STREAM:1044}
  CREATE_STREAM @545000 {NAME:rd_seq T:Transactions SCOPE:uvm_test_top.env.active_agt.read_sqr STREAM:1267}
  CREATE_STREAM @0 {NAME:wr_seq T:Transactions SCOPE:uvm_test_top.env.active_agt.write_sqr STREAM:1044}
  CREATE_STREAM @545000 {NAME:rd_seq T:Transactions SCOPE:uvm_test_top.env.active_agt.read_sqr STREAM:1267}
  CREATE_STREAM @0 {NAME:wr_seq T:Transactions SCOPE:uvm_test_top.env.active_agt.write_sqr STREAM:1044}
  CREATE_STREAM @545000 {NAME:rd_seq T:Transactions SCOPE:uvm_test_top.env.active_agt.read_sqr STREAM:1267}
  CREATE_STREAM @0 {NAME:wr_seq T:Transactions SCOPE:uvm_test_top.env.active_agt.write_sqr STREAM:1044}
  CREATE_STREAM @545000 {NAME:rd_seq T:Transactions SCOPE:uvm_test_top.env.active_agt.read_sqr STREAM:1267}
  CREATE_STREAM @0 {NAME:wr_seq T:Transactions SCOPE:uvm_test_top.env.active_agt.write_sqr STREAM:1044}
  CREATE_STREAM @545000 {NAME:rd_seq T:Transactions SCOPE:uvm_test_top.env.active_agt.read_sqr STREAM:1267}
  CREATE_STREAM @0 {NAME:wr_seq T:Transactions SCOPE:uvm_test_top.env.active_agt.write_sqr STREAM:1044}
  CREATE_STREAM @545000 {NAME:rd_seq T:Transactions SCOPE:uvm_test_top.env.active_agt.read_sqr STREAM:1267}
  CREATE_STREAM @0 {NAME:wr_seq T:Transactions SCOPE:uvm_test_top.env.active_agt.write_sqr STREAM:1044}
  CREATE_STREAM @545000 {NAME:rd_seq T:Transactions SCOPE:uvm_test_top.env.active_agt.read_sqr STREAM:1267}
  CREATE_STREAM @0 {NAME:wr_seq T:Transactions SCOPE:uvm_test_top.env.active_agt.write_sqr STREAM:1044}
  CREATE_STREAM @545000 {NAME:rd_seq T:Transactions SCOPE:uvm_test_top.env.active_agt.read_sqr STREAM:1267}
  CREATE_STREAM @0 {NAME:wr_seq T:Transactions SCOPE:uvm_test_top.env.active_agt.write_sqr STREAM:1044}
  CREATE_STREAM @545000 {NAME:rd_seq T:Transactions SCOPE:uvm_test_top.env.active_agt.read_sqr STREAM:1267}
  CREATE_STREAM @0 {NAME:wr_rand T:Transactions SCOPE:uvm_test_top.env.active_agt.write_sqr STREAM:1111}
  CREATE_STREAM @0 {NAME:rd_rand T:Transactions SCOPE:uvm_test_top.env.active_agt.read_sqr STREAM:1114}
  CREATE_STREAM @345000 {NAME:rd_wo T:Transactions SCOPE:uvm_test_top.env.active_agt.read_sqr STREAM:1450}
  CREATE_STREAM @435000 {NAME:rd_ro T:Transactions SCOPE:uvm_test_top.env.active_agt.read_sqr STREAM:1532}
  CREATE_STREAM @525000 {NAME:rd_unal T:Transactions SCOPE:uvm_test_top.env.active_agt.read_sqr STREAM:1626}
  CREATE_STREAM @545000 {NAME:wr_ro T:Transactions SCOPE:uvm_test_top.env.active_agt.write_sqr STREAM:1648}
  CREATE_STREAM @615000 {NAME:rd_dec T:Transactions SCOPE:uvm_test_top.env.active_agt.read_sqr STREAM:1718}
  CREATE_STREAM @695000 {NAME:wr_wo T:Transactions SCOPE:uvm_test_top.env.active_agt.write_sqr STREAM:1800}
  CREATE_STREAM @845000 {NAME:wr_unal T:Transactions SCOPE:uvm_test_top.env.active_agt.write_sqr STREAM:1868}
  CREATE_STREAM @995000 {NAME:wr_dec T:Transactions SCOPE:uvm_test_top.env.active_agt.write_sqr STREAM:1926}
  CREATE_STREAM @0 {NAME:wr_rand T:Transactions SCOPE:uvm_test_top.env.active_agt.write_sqr STREAM:1111}
  CREATE_STREAM @0 {NAME:rd_rand T:Transactions SCOPE:uvm_test_top.env.active_agt.read_sqr STREAM:1114}
  CREATE_STREAM @345000 {NAME:rd_wo T:Transactions SCOPE:uvm_test_top.env.active_agt.read_sqr STREAM:1450}
  CREATE_STREAM @435000 {NAME:rd_ro T:Transactions SCOPE:uvm_test_top.env.active_agt.read_sqr STREAM:1532}
  CREATE_STREAM @525000 {NAME:rd_unal T:Transactions SCOPE:uvm_test_top.env.active_agt.read_sqr STREAM:1626}
  CREATE_STREAM @545000 {NAME:wr_ro T:Transactions SCOPE:uvm_test_top.env.active_agt.write_sqr STREAM:1648}
  CREATE_STREAM @615000 {NAME:rd_dec T:Transactions SCOPE:uvm_test_top.env.active_agt.read_sqr STREAM:1718}
  CREATE_STREAM @695000 {NAME:wr_wo T:Transactions SCOPE:uvm_test_top.env.active_agt.write_sqr STREAM:1800}
  CREATE_STREAM @845000 {NAME:wr_unal T:Transactions SCOPE:uvm_test_top.env.active_agt.write_sqr STREAM:1868}
  CREATE_STREAM @995000 {NAME:wr_dec T:Transactions SCOPE:uvm_test_top.env.active_agt.write_sqr STREAM:1926}
  CREATE_STREAM @0 {NAME:wr_rand T:Transactions SCOPE:uvm_test_top.env.active_agt.write_sqr STREAM:1111}
  CREATE_STREAM @0 {NAME:rd_rand T:Transactions SCOPE:uvm_test_top.env.active_agt.read_sqr STREAM:1114}
  CREATE_STREAM @345000 {NAME:rd_wo T:Transactions SCOPE:uvm_test_top.env.active_agt.read_sqr STREAM:1450}
  CREATE_STREAM @435000 {NAME:rd_ro T:Transactions SCOPE:uvm_test_top.env.active_agt.read_sqr STREAM:1532}
  CREATE_STREAM @525000 {NAME:rd_unal T:Transactions SCOPE:uvm_test_top.env.active_agt.read_sqr STREAM:1626}
  CREATE_STREAM @545000 {NAME:wr_ro T:Transactions SCOPE:uvm_test_top.env.active_agt.write_sqr STREAM:1648}
  CREATE_STREAM @615000 {NAME:rd_dec T:Transactions SCOPE:uvm_test_top.env.active_agt.read_sqr STREAM:1718}
  CREATE_STREAM @695000 {NAME:wr_wo T:Transactions SCOPE:uvm_test_top.env.active_agt.write_sqr STREAM:1800}
  CREATE_STREAM @845000 {NAME:wr_unal T:Transactions SCOPE:uvm_test_top.env.active_agt.write_sqr STREAM:1868}
  CREATE_STREAM @995000 {NAME:wr_dec T:Transactions SCOPE:uvm_test_top.env.active_agt.write_sqr STREAM:1926}
  CREATE_STREAM @0 {NAME:wr_rand T:Transactions SCOPE:uvm_test_top.env.active_agt.write_sqr STREAM:1111}
  CREATE_STREAM @0 {NAME:rd_rand T:Transactions SCOPE:uvm_test_top.env.active_agt.read_sqr STREAM:1114}
  CREATE_STREAM @345000 {NAME:rd_wo T:Transactions SCOPE:uvm_test_top.env.active_agt.read_sqr STREAM:1450}
  CREATE_STREAM @435000 {NAME:rd_ro T:Transactions SCOPE:uvm_test_top.env.active_agt.read_sqr STREAM:1532}
  CREATE_STREAM @525000 {NAME:rd_unal T:Transactions SCOPE:uvm_test_top.env.active_agt.read_sqr STREAM:1626}
  CREATE_STREAM @545000 {NAME:wr_ro T:Transactions SCOPE:uvm_test_top.env.active_agt.write_sqr STREAM:1648}
  CREATE_STREAM @615000 {NAME:rd_dec T:Transactions SCOPE:uvm_test_top.env.active_agt.read_sqr STREAM:1718}
  CREATE_STREAM @695000 {NAME:wr_wo T:Transactions SCOPE:uvm_test_top.env.active_agt.write_sqr STREAM:1800}
  CREATE_STREAM @845000 {NAME:wr_unal T:Transactions SCOPE:uvm_test_top.env.active_agt.write_sqr STREAM:1868}
  CREATE_STREAM @995000 {NAME:wr_dec T:Transactions SCOPE:uvm_test_top.env.active_agt.write_sqr STREAM:1926}
  CREATE_STREAM @0 {NAME:wr_rand T:Transactions SCOPE:uvm_test_top.env.active_agt.write_sqr STREAM:1111}
  CREATE_STREAM @0 {NAME:rd_rand T:Transactions SCOPE:uvm_test_top.env.active_agt.read_sqr STREAM:1114}
  CREATE_STREAM @345000 {NAME:rd_wo T:Transactions SCOPE:uvm_test_top.env.active_agt.read_sqr STREAM:1450}
  CREATE_STREAM @435000 {NAME:rd_ro T:Transactions SCOPE:uvm_test_top.env.active_agt.read_sqr STREAM:1532}
  CREATE_STREAM @525000 {NAME:rd_unal T:Transactions SCOPE:uvm_test_top.env.active_agt.read_sqr STREAM:1626}
  CREATE_STREAM @545000 {NAME:wr_ro T:Transactions SCOPE:uvm_test_top.env.active_agt.write_sqr STREAM:1648}
  CREATE_STREAM @615000 {NAME:rd_dec T:Transactions SCOPE:uvm_test_top.env.active_agt.read_sqr STREAM:1718}
  CREATE_STREAM @695000 {NAME:wr_wo T:Transactions SCOPE:uvm_test_top.env.active_agt.write_sqr STREAM:1800}
  CREATE_STREAM @845000 {NAME:wr_unal T:Transactions SCOPE:uvm_test_top.env.active_agt.write_sqr STREAM:1868}
  CREATE_STREAM @995000 {NAME:wr_dec T:Transactions SCOPE:uvm_test_top.env.active_agt.write_sqr STREAM:1926}
  CREATE_STREAM @0 {NAME:wr_rand T:Transactions SCOPE:uvm_test_top.env.active_agt.write_sqr STREAM:1111}
  CREATE_STREAM @0 {NAME:rd_rand T:Transactions SCOPE:uvm_test_top.env.active_agt.read_sqr STREAM:1114}
  CREATE_STREAM @345000 {NAME:rd_wo T:Transactions SCOPE:uvm_test_top.env.active_agt.read_sqr STREAM:1450}
  CREATE_STREAM @435000 {NAME:rd_ro T:Transactions SCOPE:uvm_test_top.env.active_agt.read_sqr STREAM:1532}
  CREATE_STREAM @525000 {NAME:rd_unal T:Transactions SCOPE:uvm_test_top.env.active_agt.read_sqr STREAM:1626}
  CREATE_STREAM @545000 {NAME:wr_ro T:Transactions SCOPE:uvm_test_top.env.active_agt.write_sqr STREAM:1648}
  CREATE_STREAM @615000 {NAME:rd_dec T:Transactions SCOPE:uvm_test_top.env.active_agt.read_sqr STREAM:1718}
  CREATE_STREAM @695000 {NAME:wr_wo T:Transactions SCOPE:uvm_test_top.env.active_agt.write_sqr STREAM:1800}
  CREATE_STREAM @845000 {NAME:wr_unal T:Transactions SCOPE:uvm_test_top.env.active_agt.write_sqr STREAM:1868}
  CREATE_STREAM @995000 {NAME:wr_dec T:Transactions SCOPE:uvm_test_top.env.active_agt.write_sqr STREAM:1926}
  CREATE_STREAM @0 {NAME:wr_rand T:Transactions SCOPE:uvm_test_top.env.active_agt.write_sqr STREAM:1111}
  CREATE_STREAM @0 {NAME:rd_rand T:Transactions SCOPE:uvm_test_top.env.active_agt.read_sqr STREAM:1114}
  CREATE_STREAM @345000 {NAME:rd_wo T:Transactions SCOPE:uvm_test_top.env.active_agt.read_sqr STREAM:1450}
  CREATE_STREAM @435000 {NAME:rd_ro T:Transactions SCOPE:uvm_test_top.env.active_agt.read_sqr STREAM:1532}
  CREATE_STREAM @525000 {NAME:rd_unal T:Transactions SCOPE:uvm_test_top.env.active_agt.read_sqr STREAM:1626}
  CREATE_STREAM @545000 {NAME:wr_ro T:Transactions SCOPE:uvm_test_top.env.active_agt.write_sqr STREAM:1648}
  CREATE_STREAM @615000 {NAME:rd_dec T:Transactions SCOPE:uvm_test_top.env.active_agt.read_sqr STREAM:1718}
  CREATE_STREAM @695000 {NAME:wr_wo T:Transactions SCOPE:uvm_test_top.env.active_agt.write_sqr STREAM:1800}
  CREATE_STREAM @845000 {NAME:wr_unal T:Transactions SCOPE:uvm_test_top.env.active_agt.write_sqr STREAM:1868}
  CREATE_STREAM @995000 {NAME:wr_dec T:Transactions SCOPE:uvm_test_top.env.active_agt.write_sqr STREAM:1926}
  CREATE_STREAM @0 {NAME:wr_rand T:Transactions SCOPE:uvm_test_top.env.active_agt.write_sqr STREAM:1111}
  CREATE_STREAM @0 {NAME:rd_rand T:Transactions SCOPE:uvm_test_top.env.active_agt.read_sqr STREAM:1114}
  CREATE_STREAM @345000 {NAME:rd_wo T:Transactions SCOPE:uvm_test_top.env.active_agt.read_sqr STREAM:1450}
  CREATE_STREAM @435000 {NAME:rd_ro T:Transactions SCOPE:uvm_test_top.env.active_agt.read_sqr STREAM:1532}
  CREATE_STREAM @525000 {NAME:rd_unal T:Transactions SCOPE:uvm_test_top.env.active_agt.read_sqr STREAM:1626}
  CREATE_STREAM @545000 {NAME:wr_ro T:Transactions SCOPE:uvm_test_top.env.active_agt.write_sqr STREAM:1648}
  CREATE_STREAM @615000 {NAME:rd_dec T:Transactions SCOPE:uvm_test_top.env.active_agt.read_sqr STREAM:1718}
  CREATE_STREAM @695000 {NAME:wr_wo T:Transactions SCOPE:uvm_test_top.env.active_agt.write_sqr STREAM:1800}
  CREATE_STREAM @845000 {NAME:wr_unal T:Transactions SCOPE:uvm_test_top.env.active_agt.write_sqr STREAM:1868}
  CREATE_STREAM @995000 {NAME:wr_dec T:Transactions SCOPE:uvm_test_top.env.active_agt.write_sqr STREAM:1926}
  CREATE_STREAM @0 {NAME:wr_rand T:Transactions SCOPE:uvm_test_top.env.active_agt.write_sqr STREAM:1117}
  CREATE_STREAM @0 {NAME:rd_rand T:Transactions SCOPE:uvm_test_top.env.active_agt.read_sqr STREAM:1120}
  CREATE_STREAM @345000 {NAME:rd_wo T:Transactions SCOPE:uvm_test_top.env.active_agt.read_sqr STREAM:1456}
  CREATE_STREAM @435000 {NAME:rd_ro T:Transactions SCOPE:uvm_test_top.env.active_agt.read_sqr STREAM:1538}
  CREATE_STREAM @525000 {NAME:rd_unal T:Transactions SCOPE:uvm_test_top.env.active_agt.read_sqr STREAM:1632}
  CREATE_STREAM @545000 {NAME:wr_ro T:Transactions SCOPE:uvm_test_top.env.active_agt.write_sqr STREAM:1654}
  CREATE_STREAM @615000 {NAME:rd_dec T:Transactions SCOPE:uvm_test_top.env.active_agt.read_sqr STREAM:1724}
  CREATE_STREAM @695000 {NAME:wr_wo T:Transactions SCOPE:uvm_test_top.env.active_agt.write_sqr STREAM:1806}
  CREATE_STREAM @845000 {NAME:wr_unal T:Transactions SCOPE:uvm_test_top.env.active_agt.write_sqr STREAM:1874}
  CREATE_STREAM @995000 {NAME:wr_dec T:Transactions SCOPE:uvm_test_top.env.active_agt.write_sqr STREAM:1932}
  CREATE_STREAM @1145000 {NAME:wr_strb T:Transactions SCOPE:uvm_test_top.env.active_agt.write_sqr STREAM:1990}
  CREATE_STREAM @0 {NAME:wr_rand T:Transactions SCOPE:uvm_test_top.env.active_agt.write_sqr STREAM:1117}
  CREATE_STREAM @0 {NAME:rd_rand T:Transactions SCOPE:uvm_test_top.env.active_agt.read_sqr STREAM:1120}
  CREATE_STREAM @345000 {NAME:rd_wo T:Transactions SCOPE:uvm_test_top.env.active_agt.read_sqr STREAM:1456}
  CREATE_STREAM @435000 {NAME:rd_ro T:Transactions SCOPE:uvm_test_top.env.active_agt.read_sqr STREAM:1538}
  CREATE_STREAM @525000 {NAME:rd_unal T:Transactions SCOPE:uvm_test_top.env.active_agt.read_sqr STREAM:1632}
  CREATE_STREAM @545000 {NAME:wr_ro T:Transactions SCOPE:uvm_test_top.env.active_agt.write_sqr STREAM:1654}
  CREATE_STREAM @615000 {NAME:rd_dec T:Transactions SCOPE:uvm_test_top.env.active_agt.read_sqr STREAM:1724}
  CREATE_STREAM @695000 {NAME:wr_wo T:Transactions SCOPE:uvm_test_top.env.active_agt.write_sqr STREAM:1806}
  CREATE_STREAM @845000 {NAME:wr_unal T:Transactions SCOPE:uvm_test_top.env.active_agt.write_sqr STREAM:1874}
  CREATE_STREAM @995000 {NAME:wr_dec T:Transactions SCOPE:uvm_test_top.env.active_agt.write_sqr STREAM:1932}
  CREATE_STREAM @1145000 {NAME:wr_strb T:Transactions SCOPE:uvm_test_top.env.active_agt.write_sqr STREAM:1990}
  CREATE_STREAM @0 {NAME:wr_rand T:Transactions SCOPE:uvm_test_top.env.active_agt.write_sqr STREAM:1117}
  CREATE_STREAM @0 {NAME:rd_rand T:Transactions SCOPE:uvm_test_top.env.active_agt.read_sqr STREAM:1120}
  CREATE_STREAM @345000 {NAME:rd_wo T:Transactions SCOPE:uvm_test_top.env.active_agt.read_sqr STREAM:1456}
  CREATE_STREAM @435000 {NAME:rd_ro T:Transactions SCOPE:uvm_test_top.env.active_agt.read_sqr STREAM:1538}
  CREATE_STREAM @525000 {NAME:rd_unal T:Transactions SCOPE:uvm_test_top.env.active_agt.read_sqr STREAM:1632}
  CREATE_STREAM @545000 {NAME:wr_ro T:Transactions SCOPE:uvm_test_top.env.active_agt.write_sqr STREAM:1654}
  CREATE_STREAM @615000 {NAME:rd_dec T:Transactions SCOPE:uvm_test_top.env.active_agt.read_sqr STREAM:1724}
  CREATE_STREAM @695000 {NAME:wr_wo T:Transactions SCOPE:uvm_test_top.env.active_agt.write_sqr STREAM:1806}
  CREATE_STREAM @845000 {NAME:wr_unal T:Transactions SCOPE:uvm_test_top.env.active_agt.write_sqr STREAM:1874}
  CREATE_STREAM @995000 {NAME:wr_dec T:Transactions SCOPE:uvm_test_top.env.active_agt.write_sqr STREAM:1932}
  CREATE_STREAM @1145000 {NAME:wr_strb T:Transactions SCOPE:uvm_test_top.env.active_agt.write_sqr STREAM:1990}
  CREATE_STREAM @0 {NAME:wr_rand T:Transactions SCOPE:uvm_test_top.env.active_agt.write_sqr STREAM:1117}
  CREATE_STREAM @0 {NAME:rd_rand T:Transactions SCOPE:uvm_test_top.env.active_agt.read_sqr STREAM:1120}
  CREATE_STREAM @345000 {NAME:rd_wo T:Transactions SCOPE:uvm_test_top.env.active_agt.read_sqr STREAM:1456}
  CREATE_STREAM @435000 {NAME:rd_ro T:Transactions SCOPE:uvm_test_top.env.active_agt.read_sqr STREAM:1538}
  CREATE_STREAM @525000 {NAME:rd_unal T:Transactions SCOPE:uvm_test_top.env.active_agt.read_sqr STREAM:1632}
  CREATE_STREAM @545000 {NAME:wr_ro T:Transactions SCOPE:uvm_test_top.env.active_agt.write_sqr STREAM:1654}
  CREATE_STREAM @615000 {NAME:rd_dec T:Transactions SCOPE:uvm_test_top.env.active_agt.read_sqr STREAM:1724}
  CREATE_STREAM @695000 {NAME:wr_wo T:Transactions SCOPE:uvm_test_top.env.active_agt.write_sqr STREAM:1806}
  CREATE_STREAM @845000 {NAME:wr_unal T:Transactions SCOPE:uvm_test_top.env.active_agt.write_sqr STREAM:1874}
  CREATE_STREAM @995000 {NAME:wr_dec T:Transactions SCOPE:uvm_test_top.env.active_agt.write_sqr STREAM:1932}
  CREATE_STREAM @1145000 {NAME:wr_strb T:Transactions SCOPE:uvm_test_top.env.active_agt.write_sqr STREAM:1990}
  CREATE_STREAM @0 {NAME:wr_rand T:Transactions SCOPE:uvm_test_top.env.active_agt.write_sqr STREAM:1117}
  CREATE_STREAM @0 {NAME:rd_rand T:Transactions SCOPE:uvm_test_top.env.active_agt.read_sqr STREAM:1120}
  CREATE_STREAM @345000 {NAME:rd_wo T:Transactions SCOPE:uvm_test_top.env.active_agt.read_sqr STREAM:1456}
  CREATE_STREAM @435000 {NAME:rd_ro T:Transactions SCOPE:uvm_test_top.env.active_agt.read_sqr STREAM:1538}
  CREATE_STREAM @525000 {NAME:rd_unal T:Transactions SCOPE:uvm_test_top.env.active_agt.read_sqr STREAM:1632}
  CREATE_STREAM @545000 {NAME:wr_ro T:Transactions SCOPE:uvm_test_top.env.active_agt.write_sqr STREAM:1654}
  CREATE_STREAM @615000 {NAME:rd_dec T:Transactions SCOPE:uvm_test_top.env.active_agt.read_sqr STREAM:1724}
  CREATE_STREAM @695000 {NAME:wr_wo T:Transactions SCOPE:uvm_test_top.env.active_agt.write_sqr STREAM:1806}
  CREATE_STREAM @845000 {NAME:wr_unal T:Transactions SCOPE:uvm_test_top.env.active_agt.write_sqr STREAM:1874}
  CREATE_STREAM @995000 {NAME:wr_dec T:Transactions SCOPE:uvm_test_top.env.active_agt.write_sqr STREAM:1932}
  CREATE_STREAM @1145000 {NAME:wr_strb T:Transactions SCOPE:uvm_test_top.env.active_agt.write_sqr STREAM:1990}
  CREATE_STREAM @0 {NAME:wr_rand T:Transactions SCOPE:uvm_test_top.env.active_agt.write_sqr STREAM:1117}
  CREATE_STREAM @0 {NAME:rd_rand T:Transactions SCOPE:uvm_test_top.env.active_agt.read_sqr STREAM:1120}
  CREATE_STREAM @345000 {NAME:rd_wo T:Transactions SCOPE:uvm_test_top.env.active_agt.read_sqr STREAM:1456}
  CREATE_STREAM @435000 {NAME:rd_ro T:Transactions SCOPE:uvm_test_top.env.active_agt.read_sqr STREAM:1538}
  CREATE_STREAM @525000 {NAME:rd_unal T:Transactions SCOPE:uvm_test_top.env.active_agt.read_sqr STREAM:1632}
  CREATE_STREAM @545000 {NAME:wr_ro T:Transactions SCOPE:uvm_test_top.env.active_agt.write_sqr STREAM:1654}
  CREATE_STREAM @615000 {NAME:rd_dec T:Transactions SCOPE:uvm_test_top.env.active_agt.read_sqr STREAM:1724}
  CREATE_STREAM @695000 {NAME:wr_wo T:Transactions SCOPE:uvm_test_top.env.active_agt.write_sqr STREAM:1806}
  CREATE_STREAM @845000 {NAME:wr_unal T:Transactions SCOPE:uvm_test_top.env.active_agt.write_sqr STREAM:1874}
  CREATE_STREAM @995000 {NAME:wr_dec T:Transactions SCOPE:uvm_test_top.env.active_agt.write_sqr STREAM:1932}
  CREATE_STREAM @1145000 {NAME:wr_strb T:Transactions SCOPE:uvm_test_top.env.active_agt.write_sqr STREAM:1990}
  CREATE_STREAM @0 {NAME:wr_rand T:Transactions SCOPE:uvm_test_top.env.active_agt.write_sqr STREAM:1117}
  CREATE_STREAM @0 {NAME:rd_rand T:Transactions SCOPE:uvm_test_top.env.active_agt.read_sqr STREAM:1120}
  CREATE_STREAM @345000 {NAME:rd_wo T:Transactions SCOPE:uvm_test_top.env.active_agt.read_sqr STREAM:1456}
  CREATE_STREAM @435000 {NAME:rd_ro T:Transactions SCOPE:uvm_test_top.env.active_agt.read_sqr STREAM:1538}
  CREATE_STREAM @525000 {NAME:rd_unal T:Transactions SCOPE:uvm_test_top.env.active_agt.read_sqr STREAM:1632}
  CREATE_STREAM @545000 {NAME:wr_ro T:Transactions SCOPE:uvm_test_top.env.active_agt.write_sqr STREAM:1654}
  CREATE_STREAM @615000 {NAME:rd_dec T:Transactions SCOPE:uvm_test_top.env.active_agt.read_sqr STREAM:1724}
  CREATE_STREAM @695000 {NAME:wr_wo T:Transactions SCOPE:uvm_test_top.env.active_agt.write_sqr STREAM:1806}
  CREATE_STREAM @845000 {NAME:wr_unal T:Transactions SCOPE:uvm_test_top.env.active_agt.write_sqr STREAM:1874}
  CREATE_STREAM @995000 {NAME:wr_dec T:Transactions SCOPE:uvm_test_top.env.active_agt.write_sqr STREAM:1932}
  CREATE_STREAM @1145000 {NAME:wr_strb T:Transactions SCOPE:uvm_test_top.env.active_agt.write_sqr STREAM:1990}
  CREATE_STREAM @0 {NAME:wr_rand T:Transactions SCOPE:uvm_test_top.env.active_agt.write_sqr STREAM:1117}
  CREATE_STREAM @0 {NAME:rd_rand T:Transactions SCOPE:uvm_test_top.env.active_agt.read_sqr STREAM:1120}
  CREATE_STREAM @345000 {NAME:rd_wo T:Transactions SCOPE:uvm_test_top.env.active_agt.read_sqr STREAM:1456}
  CREATE_STREAM @435000 {NAME:rd_ro T:Transactions SCOPE:uvm_test_top.env.active_agt.read_sqr STREAM:1538}
  CREATE_STREAM @525000 {NAME:rd_unal T:Transactions SCOPE:uvm_test_top.env.active_agt.read_sqr STREAM:1632}
  CREATE_STREAM @545000 {NAME:wr_ro T:Transactions SCOPE:uvm_test_top.env.active_agt.write_sqr STREAM:1654}
  CREATE_STREAM @615000 {NAME:rd_dec T:Transactions SCOPE:uvm_test_top.env.active_agt.read_sqr STREAM:1724}
  CREATE_STREAM @695000 {NAME:wr_wo T:Transactions SCOPE:uvm_test_top.env.active_agt.write_sqr STREAM:1806}
  CREATE_STREAM @845000 {NAME:wr_unal T:Transactions SCOPE:uvm_test_top.env.active_agt.write_sqr STREAM:1874}
  CREATE_STREAM @995000 {NAME:wr_dec T:Transactions SCOPE:uvm_test_top.env.active_agt.write_sqr STREAM:1932}
  CREATE_STREAM @1145000 {NAME:wr_strb T:Transactions SCOPE:uvm_test_top.env.active_agt.write_sqr STREAM:1990}
  CREATE_STREAM @0 {NAME:wr_rand T:Transactions SCOPE:uvm_test_top.env.active_agt.write_sqr STREAM:1117}
  CREATE_STREAM @0 {NAME:rd_rand T:Transactions SCOPE:uvm_test_top.env.active_agt.read_sqr STREAM:1120}
  CREATE_STREAM @345000 {NAME:rd_wo T:Transactions SCOPE:uvm_test_top.env.active_agt.read_sqr STREAM:1456}
  CREATE_STREAM @435000 {NAME:rd_ro T:Transactions SCOPE:uvm_test_top.env.active_agt.read_sqr STREAM:1538}
  CREATE_STREAM @525000 {NAME:rd_unal T:Transactions SCOPE:uvm_test_top.env.active_agt.read_sqr STREAM:1632}
  CREATE_STREAM @545000 {NAME:wr_ro T:Transactions SCOPE:uvm_test_top.env.active_agt.write_sqr STREAM:1654}
  CREATE_STREAM @615000 {NAME:rd_dec T:Transactions SCOPE:uvm_test_top.env.active_agt.read_sqr STREAM:1724}
  CREATE_STREAM @695000 {NAME:wr_wo T:Transactions SCOPE:uvm_test_top.env.active_agt.write_sqr STREAM:1806}
  CREATE_STREAM @845000 {NAME:wr_unal T:Transactions SCOPE:uvm_test_top.env.active_agt.write_sqr STREAM:1874}
  CREATE_STREAM @995000 {NAME:wr_dec T:Transactions SCOPE:uvm_test_top.env.active_agt.write_sqr STREAM:1932}
  CREATE_STREAM @1145000 {NAME:wr_strb T:Transactions SCOPE:uvm_test_top.env.active_agt.write_sqr STREAM:1990}
  CREATE_STREAM @0 {NAME:wr_rand T:Transactions SCOPE:uvm_test_top.env.active_agt.write_sqr STREAM:1117}
  CREATE_STREAM @0 {NAME:rd_rand T:Transactions SCOPE:uvm_test_top.env.active_agt.read_sqr STREAM:1120}
  CREATE_STREAM @345000 {NAME:rd_wo T:Transactions SCOPE:uvm_test_top.env.active_agt.read_sqr STREAM:1456}
  CREATE_STREAM @435000 {NAME:rd_ro T:Transactions SCOPE:uvm_test_top.env.active_agt.read_sqr STREAM:1538}
  CREATE_STREAM @525000 {NAME:rd_unal T:Transactions SCOPE:uvm_test_top.env.active_agt.read_sqr STREAM:1632}
  CREATE_STREAM @545000 {NAME:wr_ro T:Transactions SCOPE:uvm_test_top.env.active_agt.write_sqr STREAM:1654}
  CREATE_STREAM @615000 {NAME:rd_dec T:Transactions SCOPE:uvm_test_top.env.active_agt.read_sqr STREAM:1724}
  CREATE_STREAM @695000 {NAME:wr_wo T:Transactions SCOPE:uvm_test_top.env.active_agt.write_sqr STREAM:1806}
  CREATE_STREAM @845000 {NAME:wr_unal T:Transactions SCOPE:uvm_test_top.env.active_agt.write_sqr STREAM:1874}
  CREATE_STREAM @995000 {NAME:wr_dec T:Transactions SCOPE:uvm_test_top.env.active_agt.write_sqr STREAM:1932}
  CREATE_STREAM @1145000 {NAME:wr_strb T:Transactions SCOPE:uvm_test_top.env.active_agt.write_sqr STREAM:1990}
  CREATE_STREAM @0 {NAME:wr_rand T:Transactions SCOPE:uvm_test_top.env.active_agt.write_sqr STREAM:1117}
  CREATE_STREAM @0 {NAME:rd_rand T:Transactions SCOPE:uvm_test_top.env.active_agt.read_sqr STREAM:1120}
  CREATE_STREAM @445000 {NAME:rd_wo T:Transactions SCOPE:uvm_test_top.env.active_agt.read_sqr STREAM:1456}
  CREATE_STREAM @535000 {NAME:rd_ro T:Transactions SCOPE:uvm_test_top.env.active_agt.read_sqr STREAM:1538}
  CREATE_STREAM @625000 {NAME:rd_unal T:Transactions SCOPE:uvm_test_top.env.active_agt.read_sqr STREAM:1632}
  CREATE_STREAM @645000 {NAME:wr_ro T:Transactions SCOPE:uvm_test_top.env.active_agt.write_sqr STREAM:1654}
  CREATE_STREAM @715000 {NAME:rd_dec T:Transactions SCOPE:uvm_test_top.env.active_agt.read_sqr STREAM:1724}
  CREATE_STREAM @795000 {NAME:wr_wo T:Transactions SCOPE:uvm_test_top.env.active_agt.write_sqr STREAM:1806}
  CREATE_STREAM @945000 {NAME:wr_unal T:Transactions SCOPE:uvm_test_top.env.active_agt.write_sqr STREAM:1874}
  CREATE_STREAM @1095000 {NAME:wr_dec T:Transactions SCOPE:uvm_test_top.env.active_agt.write_sqr STREAM:1932}
  CREATE_STREAM @1245000 {NAME:wr_strb T:Transactions SCOPE:uvm_test_top.env.active_agt.write_sqr STREAM:1990}
  CREATE_STREAM @0 {NAME:wr_rand T:Transactions SCOPE:uvm_test_top.env.active_agt.write_sqr STREAM:1117}
  CREATE_STREAM @0 {NAME:rd_rand T:Transactions SCOPE:uvm_test_top.env.active_agt.read_sqr STREAM:1120}
  CREATE_STREAM @0 {NAME:wr_rand T:Transactions SCOPE:uvm_test_top.env.active_agt.write_sqr STREAM:1117}
  CREATE_STREAM @0 {NAME:rd_rand T:Transactions SCOPE:uvm_test_top.env.active_agt.read_sqr STREAM:1120}
  CREATE_STREAM @0 {NAME:wr_rand T:Transactions SCOPE:uvm_test_top.env.active_agt.write_sqr STREAM:1117}
  CREATE_STREAM @0 {NAME:rd_rand T:Transactions SCOPE:uvm_test_top.env.active_agt.read_sqr STREAM:1120}
  CREATE_STREAM @0 {NAME:wr_rand T:Transactions SCOPE:uvm_test_top.env.active_agt.write_sqr STREAM:1117}
  CREATE_STREAM @0 {NAME:rd_rand T:Transactions SCOPE:uvm_test_top.env.active_agt.read_sqr STREAM:1120}
  CREATE_STREAM @0 {NAME:wr_rand T:Transactions SCOPE:uvm_test_top.env.active_agt.write_sqr STREAM:1117}
  CREATE_STREAM @0 {NAME:rd_rand T:Transactions SCOPE:uvm_test_top.env.active_agt.read_sqr STREAM:1120}
  CREATE_STREAM @445000 {NAME:rd_wo T:Transactions SCOPE:uvm_test_top.env.active_agt.read_sqr STREAM:1480}
  CREATE_STREAM @535000 {NAME:rd_ro T:Transactions SCOPE:uvm_test_top.env.active_agt.read_sqr STREAM:1574}
  CREATE_STREAM @545000 {NAME:wr_ro T:Transactions SCOPE:uvm_test_top.env.active_agt.write_sqr STREAM:1590}
  CREATE_STREAM @625000 {NAME:rd_unal T:Transactions SCOPE:uvm_test_top.env.active_agt.read_sqr STREAM:1684}
  CREATE_STREAM @665000 {NAME:wr_wo T:Transactions SCOPE:uvm_test_top.env.active_agt.write_sqr STREAM:1724}
  CREATE_STREAM @715000 {NAME:rd_dec T:Transactions SCOPE:uvm_test_top.env.active_agt.read_sqr STREAM:1782}
  CREATE_STREAM @785000 {NAME:wr_unal T:Transactions SCOPE:uvm_test_top.env.active_agt.write_sqr STREAM:1858}
  CREATE_STREAM @905000 {NAME:wr_dec T:Transactions SCOPE:uvm_test_top.env.active_agt.write_sqr STREAM:1932}
  CREATE_STREAM @1025000 {NAME:wr_strb T:Transactions SCOPE:uvm_test_top.env.active_agt.write_sqr STREAM:1990}
  CREATE_STREAM @0 {NAME:wr_rand T:Transactions SCOPE:uvm_test_top.env.active_agt.write_sqr STREAM:1117}
  CREATE_STREAM @0 {NAME:rd_rand T:Transactions SCOPE:uvm_test_top.env.active_agt.read_sqr STREAM:1120}
  CREATE_STREAM @445000 {NAME:rd_wo T:Transactions SCOPE:uvm_test_top.env.active_agt.read_sqr STREAM:1480}
  CREATE_STREAM @545000 {NAME:wr_ro T:Transactions SCOPE:uvm_test_top.env.active_agt.write_sqr STREAM:1586}
  CREATE_STREAM @745000 {NAME:rd_ro T:Transactions SCOPE:uvm_test_top.env.active_agt.read_sqr STREAM:1806}
  CREATE_STREAM @945000 {NAME:wr_wo T:Transactions SCOPE:uvm_test_top.env.active_agt.write_sqr STREAM:2014}
  CREATE_STREAM @1045000 {NAME:rd_unal T:Transactions SCOPE:uvm_test_top.env.active_agt.read_sqr STREAM:2126}
  CREATE_STREAM @1345000 {NAME:wr_unal T:Transactions SCOPE:uvm_test_top.env.active_agt.write_sqr STREAM:2444}
  CREATE_STREAM @1345000 {NAME:rd_dec T:Transactions SCOPE:uvm_test_top.env.active_agt.read_sqr STREAM:2448}
  CREATE_STREAM @1745000 {NAME:wr_dec T:Transactions SCOPE:uvm_test_top.env.active_agt.write_sqr STREAM:2814}
  CREATE_STREAM @2145000 {NAME:wr_strb T:Transactions SCOPE:uvm_test_top.env.active_agt.write_sqr STREAM:2998}
  CREATE_STREAM @0 {NAME:wr_rand T:Transactions SCOPE:uvm_test_top.env.active_agt.write_sqr STREAM:1117}
  CREATE_STREAM @545000 {NAME:wr_ro T:Transactions SCOPE:uvm_test_top.env.active_agt.write_sqr STREAM:1340}
  CREATE_STREAM @945000 {NAME:wr_wo T:Transactions SCOPE:uvm_test_top.env.active_agt.write_sqr STREAM:1524}
  CREATE_STREAM @1345000 {NAME:wr_unal T:Transactions SCOPE:uvm_test_top.env.active_agt.write_sqr STREAM:1708}
  CREATE_STREAM @1745000 {NAME:wr_dec T:Transactions SCOPE:uvm_test_top.env.active_agt.write_sqr STREAM:1892}
  CREATE_STREAM @2145000 {NAME:wr_strb T:Transactions SCOPE:uvm_test_top.env.active_agt.write_sqr STREAM:2076}
  CREATE_STREAM @2265000 {NAME:rd_rand T:Transactions SCOPE:uvm_test_top.env.active_agt.read_sqr STREAM:2134}
  CREATE_STREAM @2555000 {NAME:rd_wo T:Transactions SCOPE:uvm_test_top.env.active_agt.read_sqr STREAM:2320}
  CREATE_STREAM @2855000 {NAME:rd_ro T:Transactions SCOPE:uvm_test_top.env.active_agt.read_sqr STREAM:2504}
  CREATE_STREAM @3155000 {NAME:rd_unal T:Transactions SCOPE:uvm_test_top.env.active_agt.read_sqr STREAM:2688}
  CREATE_STREAM @3455000 {NAME:rd_dec T:Transactions SCOPE:uvm_test_top.env.active_agt.read_sqr STREAM:2872}
  CREATE_STREAM @0 {NAME:wr_rand T:Transactions SCOPE:uvm_test_top.env.active_agt.write_sqr STREAM:1117}
  CREATE_STREAM @545000 {NAME:wr_ro T:Transactions SCOPE:uvm_test_top.env.active_agt.write_sqr STREAM:1340}
  CREATE_STREAM @945000 {NAME:wr_wo T:Transactions SCOPE:uvm_test_top.env.active_agt.write_sqr STREAM:1524}
  CREATE_STREAM @1345000 {NAME:wr_unal T:Transactions SCOPE:uvm_test_top.env.active_agt.write_sqr STREAM:1708}
  CREATE_STREAM @1745000 {NAME:wr_dec T:Transactions SCOPE:uvm_test_top.env.active_agt.write_sqr STREAM:1892}
  CREATE_STREAM @2145000 {NAME:wr_strb T:Transactions SCOPE:uvm_test_top.env.active_agt.write_sqr STREAM:2076}
  CREATE_STREAM @2265000 {NAME:rd_rand T:Transactions SCOPE:uvm_test_top.env.active_agt.read_sqr STREAM:2134}
  CREATE_STREAM @2555000 {NAME:rd_wo T:Transactions SCOPE:uvm_test_top.env.active_agt.read_sqr STREAM:2320}
  CREATE_STREAM @2855000 {NAME:rd_ro T:Transactions SCOPE:uvm_test_top.env.active_agt.read_sqr STREAM:2504}
  CREATE_STREAM @3155000 {NAME:rd_unal T:Transactions SCOPE:uvm_test_top.env.active_agt.read_sqr STREAM:2688}
  CREATE_STREAM @3455000 {NAME:rd_dec T:Transactions SCOPE:uvm_test_top.env.active_agt.read_sqr STREAM:2872}
  CREATE_STREAM @0 {NAME:wr_rand T:Transactions SCOPE:uvm_test_top.env.active_agt.write_sqr STREAM:1129}
  CREATE_STREAM @545000 {NAME:wr_ro T:Transactions SCOPE:uvm_test_top.env.active_agt.write_sqr STREAM:1352}
  CREATE_STREAM @945000 {NAME:wr_wo T:Transactions SCOPE:uvm_test_top.env.active_agt.write_sqr STREAM:1536}
  CREATE_STREAM @1345000 {NAME:wr_unal T:Transactions SCOPE:uvm_test_top.env.active_agt.write_sqr STREAM:1720}
  CREATE_STREAM @1745000 {NAME:wr_dec T:Transactions SCOPE:uvm_test_top.env.active_agt.write_sqr STREAM:1904}
  CREATE_STREAM @2145000 {NAME:wr_strb T:Transactions SCOPE:uvm_test_top.env.active_agt.write_sqr STREAM:2088}
  CREATE_STREAM @2265000 {NAME:wr_addr T:Transactions SCOPE:uvm_test_top.env.active_agt.write_sqr STREAM:2146}
  CREATE_STREAM @4265000 {NAME:rd_rand T:Transactions SCOPE:uvm_test_top.env.active_agt.read_sqr STREAM:3050}
  CREATE_STREAM @4555000 {NAME:rd_wo T:Transactions SCOPE:uvm_test_top.env.active_agt.read_sqr STREAM:3236}
  CREATE_STREAM @4855000 {NAME:rd_ro T:Transactions SCOPE:uvm_test_top.env.active_agt.read_sqr STREAM:3420}
  CREATE_STREAM @5155000 {NAME:rd_unal T:Transactions SCOPE:uvm_test_top.env.active_agt.read_sqr STREAM:3604}
  CREATE_STREAM @5455000 {NAME:rd_dec T:Transactions SCOPE:uvm_test_top.env.active_agt.read_sqr STREAM:3788}
  CREATE_STREAM @5755000 {NAME:rd_addr T:Transactions SCOPE:uvm_test_top.env.active_agt.read_sqr STREAM:3972}
  CREATE_STREAM @0 {NAME:wr_rand T:Transactions SCOPE:uvm_test_top.env.active_agt.write_sqr STREAM:1129}
  CREATE_STREAM @545000 {NAME:wr_ro T:Transactions SCOPE:uvm_test_top.env.active_agt.write_sqr STREAM:1352}
  CREATE_STREAM @945000 {NAME:wr_wo T:Transactions SCOPE:uvm_test_top.env.active_agt.write_sqr STREAM:1536}
  CREATE_STREAM @1345000 {NAME:wr_unal T:Transactions SCOPE:uvm_test_top.env.active_agt.write_sqr STREAM:1720}
  CREATE_STREAM @1745000 {NAME:wr_dec T:Transactions SCOPE:uvm_test_top.env.active_agt.write_sqr STREAM:1904}
  CREATE_STREAM @2145000 {NAME:wr_strb T:Transactions SCOPE:uvm_test_top.env.active_agt.write_sqr STREAM:2088}
  CREATE_STREAM @2265000 {NAME:wr_addr T:Transactions SCOPE:uvm_test_top.env.active_agt.write_sqr STREAM:2146}
  CREATE_STREAM @6265000 {NAME:rd_rand T:Transactions SCOPE:uvm_test_top.env.active_agt.read_sqr STREAM:3950}
  CREATE_STREAM @6555000 {NAME:rd_wo T:Transactions SCOPE:uvm_test_top.env.active_agt.read_sqr STREAM:4136}
  CREATE_STREAM @6855000 {NAME:rd_ro T:Transactions SCOPE:uvm_test_top.env.active_agt.read_sqr STREAM:4320}
  CREATE_STREAM @7155000 {NAME:rd_unal T:Transactions SCOPE:uvm_test_top.env.active_agt.read_sqr STREAM:4504}
  CREATE_STREAM @7455000 {NAME:rd_dec T:Transactions SCOPE:uvm_test_top.env.active_agt.read_sqr STREAM:4688}
  CREATE_STREAM @7755000 {NAME:rd_addr T:Transactions SCOPE:uvm_test_top.env.active_agt.read_sqr STREAM:4872}
  CREATE_STREAM @0 {NAME:wr_rand T:Transactions SCOPE:uvm_test_top.env.active_agt.write_sqr STREAM:1129}
  CREATE_STREAM @545000 {NAME:wr_ro T:Transactions SCOPE:uvm_test_top.env.active_agt.write_sqr STREAM:1352}
  CREATE_STREAM @945000 {NAME:wr_wo T:Transactions SCOPE:uvm_test_top.env.active_agt.write_sqr STREAM:1536}
  CREATE_STREAM @1345000 {NAME:wr_unal T:Transactions SCOPE:uvm_test_top.env.active_agt.write_sqr STREAM:1720}
  CREATE_STREAM @1745000 {NAME:wr_dec T:Transactions SCOPE:uvm_test_top.env.active_agt.write_sqr STREAM:1904}
  CREATE_STREAM @2145000 {NAME:wr_strb T:Transactions SCOPE:uvm_test_top.env.active_agt.write_sqr STREAM:2088}
  CREATE_STREAM @2265000 {NAME:wr_addr T:Transactions SCOPE:uvm_test_top.env.active_agt.write_sqr STREAM:2146}
  CREATE_STREAM @4265000 {NAME:rd_rand T:Transactions SCOPE:uvm_test_top.env.active_agt.read_sqr STREAM:3050}
  CREATE_STREAM @4555000 {NAME:rd_wo T:Transactions SCOPE:uvm_test_top.env.active_agt.read_sqr STREAM:3236}
  CREATE_STREAM @4855000 {NAME:rd_ro T:Transactions SCOPE:uvm_test_top.env.active_agt.read_sqr STREAM:3420}
  CREATE_STREAM @5155000 {NAME:rd_unal T:Transactions SCOPE:uvm_test_top.env.active_agt.read_sqr STREAM:3604}
  CREATE_STREAM @5455000 {NAME:rd_dec T:Transactions SCOPE:uvm_test_top.env.active_agt.read_sqr STREAM:3788}
  CREATE_STREAM @5755000 {NAME:rd_addr T:Transactions SCOPE:uvm_test_top.env.active_agt.read_sqr STREAM:3972}
  CREATE_STREAM @0 {NAME:wr_rand T:Transactions SCOPE:uvm_test_top.env.active_agt.write_sqr STREAM:1129}
  CREATE_STREAM @545000 {NAME:wr_ro T:Transactions SCOPE:uvm_test_top.env.active_agt.write_sqr STREAM:1352}
  CREATE_STREAM @945000 {NAME:wr_wo T:Transactions SCOPE:uvm_test_top.env.active_agt.write_sqr STREAM:1536}
  CREATE_STREAM @1345000 {NAME:wr_unal T:Transactions SCOPE:uvm_test_top.env.active_agt.write_sqr STREAM:1720}
  CREATE_STREAM @1745000 {NAME:wr_dec T:Transactions SCOPE:uvm_test_top.env.active_agt.write_sqr STREAM:1904}
  CREATE_STREAM @2145000 {NAME:wr_strb T:Transactions SCOPE:uvm_test_top.env.active_agt.write_sqr STREAM:2088}
  CREATE_STREAM @2265000 {NAME:wr_addr T:Transactions SCOPE:uvm_test_top.env.active_agt.write_sqr STREAM:2146}
  CREATE_STREAM @22265000 {NAME:rd_rand T:Transactions SCOPE:uvm_test_top.env.active_agt.read_sqr STREAM:11150}
  CREATE_STREAM @22555000 {NAME:rd_wo T:Transactions SCOPE:uvm_test_top.env.active_agt.read_sqr STREAM:11336}
  CREATE_STREAM @22855000 {NAME:rd_ro T:Transactions SCOPE:uvm_test_top.env.active_agt.read_sqr STREAM:11520}
  CREATE_STREAM @23155000 {NAME:rd_unal T:Transactions SCOPE:uvm_test_top.env.active_agt.read_sqr STREAM:11704}
  CREATE_STREAM @23455000 {NAME:rd_dec T:Transactions SCOPE:uvm_test_top.env.active_agt.read_sqr STREAM:11888}
  CREATE_STREAM @23755000 {NAME:rd_addr T:Transactions SCOPE:uvm_test_top.env.active_agt.read_sqr STREAM:12072}
  CREATE_STREAM @0 {NAME:wr_rand T:Transactions SCOPE:uvm_test_top.env.active_agt.write_sqr STREAM:1129}
  CREATE_STREAM @545000 {NAME:wr_ro T:Transactions SCOPE:uvm_test_top.env.active_agt.write_sqr STREAM:1352}
  CREATE_STREAM @945000 {NAME:wr_wo T:Transactions SCOPE:uvm_test_top.env.active_agt.write_sqr STREAM:1536}
  CREATE_STREAM @1345000 {NAME:wr_unal T:Transactions SCOPE:uvm_test_top.env.active_agt.write_sqr STREAM:1720}
  CREATE_STREAM @1745000 {NAME:wr_dec T:Transactions SCOPE:uvm_test_top.env.active_agt.write_sqr STREAM:1904}
  CREATE_STREAM @2145000 {NAME:wr_strb T:Transactions SCOPE:uvm_test_top.env.active_agt.write_sqr STREAM:2088}
  CREATE_STREAM @2265000 {NAME:wr_addr T:Transactions SCOPE:uvm_test_top.env.active_agt.write_sqr STREAM:2146}
  CREATE_STREAM @22265000 {NAME:rd_rand T:Transactions SCOPE:uvm_test_top.env.active_agt.read_sqr STREAM:11150}
  CREATE_STREAM @22555000 {NAME:rd_wo T:Transactions SCOPE:uvm_test_top.env.active_agt.read_sqr STREAM:11336}
  CREATE_STREAM @22855000 {NAME:rd_ro T:Transactions SCOPE:uvm_test_top.env.active_agt.read_sqr STREAM:11520}
  CREATE_STREAM @23155000 {NAME:rd_unal T:Transactions SCOPE:uvm_test_top.env.active_agt.read_sqr STREAM:11704}
  CREATE_STREAM @23455000 {NAME:rd_dec T:Transactions SCOPE:uvm_test_top.env.active_agt.read_sqr STREAM:11888}
  CREATE_STREAM @23755000 {NAME:rd_addr T:Transactions SCOPE:uvm_test_top.env.active_agt.read_sqr STREAM:12072}
  CREATE_STREAM @0 {NAME:wr_rand T:Transactions SCOPE:uvm_test_top.env.active_agt.write_sqr STREAM:1129}
  CREATE_STREAM @1545000 {NAME:wr_ro T:Transactions SCOPE:uvm_test_top.env.active_agt.write_sqr STREAM:1352}
  CREATE_STREAM @0 {NAME:wr_rand T:Transactions SCOPE:uvm_test_top.env.active_agt.write_sqr STREAM:1129}
  CREATE_STREAM @1545000 {NAME:wr_ro T:Transactions SCOPE:uvm_test_top.env.active_agt.write_sqr STREAM:1352}
  CREATE_STREAM @0 {NAME:wr_rand T:Transactions SCOPE:uvm_test_top.env.active_agt.write_sqr STREAM:1129}
  CREATE_STREAM @1545000 {NAME:wr_ro T:Transactions SCOPE:uvm_test_top.env.active_agt.write_sqr STREAM:1352}
  CREATE_STREAM @0 {NAME:wr_rand T:Transactions SCOPE:uvm_test_top.env.active_agt.write_sqr STREAM:1129}
  CREATE_STREAM @545000 {NAME:wr_ro T:Transactions SCOPE:uvm_test_top.env.active_agt.write_sqr STREAM:1352}
  CREATE_STREAM @945000 {NAME:wr_wo T:Transactions SCOPE:uvm_test_top.env.active_agt.write_sqr STREAM:1536}
  CREATE_STREAM @1345000 {NAME:wr_unal T:Transactions SCOPE:uvm_test_top.env.active_agt.write_sqr STREAM:1720}
  CREATE_STREAM @1745000 {NAME:wr_dec T:Transactions SCOPE:uvm_test_top.env.active_agt.write_sqr STREAM:1904}
  CREATE_STREAM @2145000 {NAME:wr_strb T:Transactions SCOPE:uvm_test_top.env.active_agt.write_sqr STREAM:2088}
  CREATE_STREAM @2265000 {NAME:wr_addr T:Transactions SCOPE:uvm_test_top.env.active_agt.write_sqr STREAM:2146}
  CREATE_STREAM @5265000 {NAME:rd_rand T:Transactions SCOPE:uvm_test_top.env.active_agt.read_sqr STREAM:3050}
  CREATE_STREAM @0 {NAME:wr_rand T:Transactions SCOPE:uvm_test_top.env.active_agt.write_sqr STREAM:1129}
  CREATE_STREAM @1545000 {NAME:wr_ro T:Transactions SCOPE:uvm_test_top.env.active_agt.write_sqr STREAM:1352}
  CREATE_STREAM @0 {NAME:wr_addr T:Transactions SCOPE:uvm_test_top.env.active_agt.write_sqr STREAM:1129}
  CREATE_STREAM @20145000 {NAME:rd_addr T:Transactions SCOPE:uvm_test_top.env.active_agt.read_sqr STREAM:10172}
  CREATE_STREAM @0 {NAME:wr_addr T:Transactions SCOPE:uvm_test_top.env.active_agt.write_sqr STREAM:1129}
  CREATE_STREAM @0 {NAME:rd_addr T:Transactions SCOPE:uvm_test_top.env.active_agt.read_sqr STREAM:1132}
  CREATE_STREAM @0 {NAME:wr_addr T:Transactions SCOPE:uvm_test_top.env.active_agt.write_sqr STREAM:1129}
  CREATE_STREAM @0 {NAME:rd_addr T:Transactions SCOPE:uvm_test_top.env.active_agt.read_sqr STREAM:1132}
  CREATE_STREAM @0 {NAME:wr_rand T:Transactions SCOPE:uvm_test_top.env.active_agt.write_sqr STREAM:1129}
  CREATE_STREAM @0 {NAME:rd_addr T:Transactions SCOPE:uvm_test_top.env.active_agt.read_sqr STREAM:1132}
  CREATE_STREAM @545000 {NAME:wr_ro T:Transactions SCOPE:uvm_test_top.env.active_agt.write_sqr STREAM:1594}
  CREATE_STREAM @945000 {NAME:wr_wo T:Transactions SCOPE:uvm_test_top.env.active_agt.write_sqr STREAM:2018}
  CREATE_STREAM @1345000 {NAME:wr_unal T:Transactions SCOPE:uvm_test_top.env.active_agt.write_sqr STREAM:2448}
  CREATE_STREAM @1745000 {NAME:wr_dec T:Transactions SCOPE:uvm_test_top.env.active_agt.write_sqr STREAM:2810}
  CREATE_STREAM @2145000 {NAME:wr_strb T:Transactions SCOPE:uvm_test_top.env.active_agt.write_sqr STREAM:2994}
  CREATE_STREAM @2265000 {NAME:wr_addr T:Transactions SCOPE:uvm_test_top.env.active_agt.write_sqr STREAM:3052}
  CREATE_STREAM @0 {NAME:wr_rand T:Transactions SCOPE:uvm_test_top.env.active_agt.write_sqr STREAM:1129}
  CREATE_STREAM @0 {NAME:rd_rand T:Transactions SCOPE:uvm_test_top.env.active_agt.read_sqr STREAM:1132}
  CREATE_STREAM @445000 {NAME:rd_wo T:Transactions SCOPE:uvm_test_top.env.active_agt.read_sqr STREAM:1492}
  CREATE_STREAM @545000 {NAME:wr_ro T:Transactions SCOPE:uvm_test_top.env.active_agt.write_sqr STREAM:1598}
  CREATE_STREAM @745000 {NAME:rd_addr T:Transactions SCOPE:uvm_test_top.env.active_agt.read_sqr STREAM:1818}
  CREATE_STREAM @945000 {NAME:wr_wo T:Transactions SCOPE:uvm_test_top.env.active_agt.write_sqr STREAM:2026}
  CREATE_STREAM @1345000 {NAME:wr_unal T:Transactions SCOPE:uvm_test_top.env.active_agt.write_sqr STREAM:2456}
  CREATE_STREAM @1745000 {NAME:wr_dec T:Transactions SCOPE:uvm_test_top.env.active_agt.write_sqr STREAM:2874}
  CREATE_STREAM @2145000 {NAME:wr_strb T:Transactions SCOPE:uvm_test_top.env.active_agt.write_sqr STREAM:3298}
  CREATE_STREAM @2265000 {NAME:wr_addr T:Transactions SCOPE:uvm_test_top.env.active_agt.write_sqr STREAM:3420}
  CREATE_STREAM @0 {NAME:wr_rand T:Transactions SCOPE:uvm_test_top.env.active_agt.write_sqr STREAM:1129}
  CREATE_STREAM @0 {NAME:rd_rand T:Transactions SCOPE:uvm_test_top.env.active_agt.read_sqr STREAM:1132}
  CREATE_STREAM @445000 {NAME:rd_wo T:Transactions SCOPE:uvm_test_top.env.active_agt.read_sqr STREAM:1492}
  CREATE_STREAM @545000 {NAME:wr_ro T:Transactions SCOPE:uvm_test_top.env.active_agt.write_sqr STREAM:1598}
  CREATE_STREAM @745000 {NAME:rd_ro T:Transactions SCOPE:uvm_test_top.env.active_agt.read_sqr STREAM:1818}
  CREATE_STREAM @945000 {NAME:wr_wo T:Transactions SCOPE:uvm_test_top.env.active_agt.write_sqr STREAM:2026}
  CREATE_STREAM @1045000 {NAME:rd_addr T:Transactions SCOPE:uvm_test_top.env.active_agt.read_sqr STREAM:2138}
  CREATE_STREAM @1345000 {NAME:wr_unal T:Transactions SCOPE:uvm_test_top.env.active_agt.write_sqr STREAM:2460}
  CREATE_STREAM @1745000 {NAME:wr_dec T:Transactions SCOPE:uvm_test_top.env.active_agt.write_sqr STREAM:2878}
  CREATE_STREAM @2145000 {NAME:wr_strb T:Transactions SCOPE:uvm_test_top.env.active_agt.write_sqr STREAM:3302}
  CREATE_STREAM @2265000 {NAME:wr_addr T:Transactions SCOPE:uvm_test_top.env.active_agt.write_sqr STREAM:3432}
  CREATE_STREAM @0 {NAME:wr_rand T:Transactions SCOPE:uvm_test_top.env.active_agt.write_sqr STREAM:1129}
  CREATE_STREAM @0 {NAME:rd_rand T:Transactions SCOPE:uvm_test_top.env.active_agt.read_sqr STREAM:1132}
  CREATE_STREAM @445000 {NAME:rd_wo T:Transactions SCOPE:uvm_test_top.env.active_agt.read_sqr STREAM:1492}
  CREATE_STREAM @545000 {NAME:wr_ro T:Transactions SCOPE:uvm_test_top.env.active_agt.write_sqr STREAM:1598}
  CREATE_STREAM @745000 {NAME:rd_ro T:Transactions SCOPE:uvm_test_top.env.active_agt.read_sqr STREAM:1818}
  CREATE_STREAM @945000 {NAME:wr_wo T:Transactions SCOPE:uvm_test_top.env.active_agt.write_sqr STREAM:2026}
  CREATE_STREAM @1045000 {NAME:rd_unal T:Transactions SCOPE:uvm_test_top.env.active_agt.read_sqr STREAM:2138}
  CREATE_STREAM @1345000 {NAME:wr_unal T:Transactions SCOPE:uvm_test_top.env.active_agt.write_sqr STREAM:2456}
  CREATE_STREAM @1345000 {NAME:rd_addr T:Transactions SCOPE:uvm_test_top.env.active_agt.read_sqr STREAM:2460}
  CREATE_STREAM @1745000 {NAME:wr_dec T:Transactions SCOPE:uvm_test_top.env.active_agt.write_sqr STREAM:2882}
  CREATE_STREAM @2145000 {NAME:wr_strb T:Transactions SCOPE:uvm_test_top.env.active_agt.write_sqr STREAM:3306}
  CREATE_STREAM @2265000 {NAME:wr_addr T:Transactions SCOPE:uvm_test_top.env.active_agt.write_sqr STREAM:3436}
  CREATE_STREAM @0 {NAME:wr_rand T:Transactions SCOPE:uvm_test_top.env.active_agt.write_sqr STREAM:1129}
  CREATE_STREAM @0 {NAME:rd_rand T:Transactions SCOPE:uvm_test_top.env.active_agt.read_sqr STREAM:1132}
  CREATE_STREAM @445000 {NAME:rd_wo T:Transactions SCOPE:uvm_test_top.env.active_agt.read_sqr STREAM:1492}
  CREATE_STREAM @545000 {NAME:wr_ro T:Transactions SCOPE:uvm_test_top.env.active_agt.write_sqr STREAM:1598}
  CREATE_STREAM @745000 {NAME:rd_ro T:Transactions SCOPE:uvm_test_top.env.active_agt.read_sqr STREAM:1818}
  CREATE_STREAM @945000 {NAME:wr_wo T:Transactions SCOPE:uvm_test_top.env.active_agt.write_sqr STREAM:2026}
  CREATE_STREAM @1045000 {NAME:rd_unal T:Transactions SCOPE:uvm_test_top.env.active_agt.read_sqr STREAM:2138}
  CREATE_STREAM @1345000 {NAME:wr_unal T:Transactions SCOPE:uvm_test_top.env.active_agt.write_sqr STREAM:2456}
  CREATE_STREAM @1345000 {NAME:rd_dec T:Transactions SCOPE:uvm_test_top.env.active_agt.read_sqr STREAM:2460}
  CREATE_STREAM @1645000 {NAME:rd_addr T:Transactions SCOPE:uvm_test_top.env.active_agt.read_sqr STREAM:2780}
  CREATE_STREAM @1745000 {NAME:wr_dec T:Transactions SCOPE:uvm_test_top.env.active_agt.write_sqr STREAM:2886}
  CREATE_STREAM @2145000 {NAME:wr_strb T:Transactions SCOPE:uvm_test_top.env.active_agt.write_sqr STREAM:3310}
  CREATE_STREAM @2265000 {NAME:wr_addr T:Transactions SCOPE:uvm_test_top.env.active_agt.write_sqr STREAM:3440}
  CREATE_STREAM @0 {NAME:wr_rand T:Transactions SCOPE:uvm_test_top.env.active_agt.write_sqr STREAM:1129}
  CREATE_STREAM @0 {NAME:rd_rand T:Transactions SCOPE:uvm_test_top.env.active_agt.read_sqr STREAM:1132}
  CREATE_STREAM @455000 {NAME:rd_wo T:Transactions SCOPE:uvm_test_top.env.active_agt.read_sqr STREAM:1492}
  CREATE_STREAM @555000 {NAME:wr_ro T:Transactions SCOPE:uvm_test_top.env.active_agt.write_sqr STREAM:1598}
  CREATE_STREAM @755000 {NAME:rd_ro T:Transactions SCOPE:uvm_test_top.env.active_agt.read_sqr STREAM:1818}
  CREATE_STREAM @955000 {NAME:wr_wo T:Transactions SCOPE:uvm_test_top.env.active_agt.write_sqr STREAM:2026}
  CREATE_STREAM @1055000 {NAME:rd_unal T:Transactions SCOPE:uvm_test_top.env.active_agt.read_sqr STREAM:2138}
  CREATE_STREAM @1355000 {NAME:wr_unal T:Transactions SCOPE:uvm_test_top.env.active_agt.write_sqr STREAM:2456}
  CREATE_STREAM @1355000 {NAME:rd_dec T:Transactions SCOPE:uvm_test_top.env.active_agt.read_sqr STREAM:2460}
  CREATE_STREAM @1655000 {NAME:rd_addr T:Transactions SCOPE:uvm_test_top.env.active_agt.read_sqr STREAM:2780}
  CREATE_STREAM @1755000 {NAME:wr_dec T:Transactions SCOPE:uvm_test_top.env.active_agt.write_sqr STREAM:2886}
  CREATE_STREAM @2155000 {NAME:wr_strb T:Transactions SCOPE:uvm_test_top.env.active_agt.write_sqr STREAM:3310}
  CREATE_STREAM @2275000 {NAME:wr_addr T:Transactions SCOPE:uvm_test_top.env.active_agt.write_sqr STREAM:3440}
  CREATE_STREAM @0 {NAME:wr_rand T:Transactions SCOPE:uvm_test_top.env.active_agt.write_sqr STREAM:1129}
  CREATE_STREAM @0 {NAME:wr_rand T:Transactions SCOPE:uvm_test_top.env.active_agt.write_sqr STREAM:1129}
